src/core/UIManager.ts(25,13): error TS6133: 'environmentPanel' is declared but its value is never read.
src/utils/SelectionManager.ts(21,13): error TS6133: 'raycaster' is declared but its value is never read.
src/utils/SelectionManager.ts(22,13): error TS6133: 'mouse' is declared but its value is never read.
